// 重构日志: b62b6633
// 重构日志: a3c8950b
// 同步 ID: c41fc3a2 @ Thu Jul 16 23:47:31 UTC 2026
// 同步 ID: c2807311 @ Fri Jul 17 04:41:35 UTC 2026
// 重构日志: b237247e
// 同步 ID: f112c3a6 @ Sun Jul 19 16:10:49 UTC 2026
// 同步 ID: 12435b74 @ Sun Jul 19 16:50:07 UTC 2026
// 重构日志: c56bf414
// 同步 ID: 678048a7 @ Tue Jul 21 07:10:39 UTC 2026
// 同步 ID: 6d2770cd @ Tue Jul 21 17:09:47 UTC 2026
// 同步 ID: 3444c34b @ Wed Jul 22 01:53:47 UTC 2026
// 同步 ID: f6dd3135 @ Wed Jul 22 08:23:58 UTC 2026
// 同步 ID: e61eaf50 @ Wed Jul 22 11:35:11 UTC 2026
// 重构日志: 76d41ab8
// 重构日志: 740fbda1
// 重构日志: 5cb4ffa3
// 重构日志: 7ee58196
// 同步 ID: 20457b12 @ Thu Jul 23 15:51:51 UTC 2026
// 重构日志: ebdc545e
// 重构日志: 234d6b8a
// 同步 ID: 614bad0a @ Sat Jul 25 08:21:17 UTC 2026
// 重构日志: 7e90d239
// 重构日志: 1f240832
// 重构日志: 2c28849e
// 重构日志: 1cf26e56
// 重构日志: 188ef2c2
// 重构日志: 85f4c4b1
// 重构日志: c614f132
// 重构日志: ce71f535
// 同步 ID: f62958bd @ Thu Jul 30 14:48:16 UTC 2026
